<html>
<body>
<pre>
<h1>µVision Build Log</h1>
<h2>Project:</h2>
D:\code\Cortex_M3_Keil\LPC1768_uCOS-II_EE3032_host\LPC1768_uCOS-II_EE3032_host.uvproj
Project File Date:  04/13/2014

<h2>Output:</h2>
Clean started: Project: 'LPC1768_uCOS-II_EE3032_host'
   deleting intermediate output files for target 'Target 1'
Build target 'Target 1'
compiling core_cm3.c...
compiling system_LPC17xx.c...
assembling startup_LPC17xx.s...
compiling os_cpu_c.c...
compiling os_dbg.c...
assembling os_cpu_a.s...
compiling os_core.c...
compiling os_flag.c...
compiling os_mbox.c...
compiling os_mem.c...
compiling os_mutex.c...
compiling os_q.c...
compiling os_sem.c...
compiling os_task.c...
compiling os_time.c...
compiling os_tmr.c...
compiling app_hooks.c...
compiling basic.c...
compiling nrf24l01p.c...
compiling nrf24l01p_port.c...
compiling pin.c...
compiling pwm.c...
compiling spi.c...
compiling uart0_pending.c...
compiling usb.c...
compiling usb_mouse.c...
compiling sonar_rx.c...
compiling main.c...
compiling task.c...
compiling servo.c...
compiling core.c...
compiling geometry.c...
compiling rgb.c...
linking...
Program Size: Code=26694 RO-data=930 RW-data=260 ZI-data=12716  
FromELF: creating hex file...
"LPC1768_uCOS-II_EE3032_host.axf" - 0 Error(s), 0 Warning(s).
Clean started: Project: 'LPC1768_uCOS-II_EE3032_host'
   deleting intermediate output files for target 'Target 1'
Clean started: Project: 'LPC1768_uCOS-II_EE3032_host'
   deleting intermediate output files for target 'Target 1'
